MTEC1003 — LAB 01 (revised 8/8/20 —lg)

Lab 1 / Part 1 - Entering Commands
==========
Follow the instructions line-by-line.

* Type in the commands as is, but ignore the beginning prompt.
* Enter, tab, up and down are represented by <ENTER><TAB>,<UP> and <DOWN>.
* "No output" or "nothing happens" are valid answers to any of the questions.
==========

1. Open Terminal.  Type:

$ ls<ENTER>

Copy and paste the output of ls below.
----------

Applications	Documents	Library		Music		Public
Desktop		Downloads	Movies		Pictures

==========
2.  Type:

$ ls -l Documents<ENTER>

Copy and paste the first *two lines* of output below.
----------

total 168
-rw-r--r--@  1 danielleyostolaza  staff  4187 May 19 10:15   .py

==========
3.  Type:

$ ls -a Documents

Copy and paste the first *two lines* of output below.
----------

 .py			Autodesk		claswork.py
 .py			Drawing1.dwl		ds.py

==========
4.  Type:

$ ls doesnotexist

Copy and paste the output below.
----------

ls: doesnotexist: No such file or directory

==========
5.  What key do I press to go to the previous command?
----------

clicking the up and down button

==========
6.  Name two flags that we used in this exercise.
----------

- & -l

==========
7.  What was the main command that we used throughout this exercise?
----------

ls

==========
8.  What's one an argument that we've so far passed to a command?
----------

Documents

==========
9.  Type:

$ foo<ENTER>

Copy and paste the output below.
----------

-bash: foo: command not found

==========
10.  Type:

<UP><ENTER>

Copy and paste the output below.
----------

-bash: foo: command not found

==========
11.  In the following line....

$ ls -a Desktop

Identify the command, flag, argument, and prompt:
----------

prompt: $
command: ls
flag: -a
argument: Desktop

Lab 1 / Part 2 - Navigating the File System
==========
Follow the instructions line-by-line.

* Type in the commands as is, but ignore the beginning prompt.
* Enter, tab, up and down are represented by <ENTER><TAB>,<UP> and <DOWN>.
* "No output" or "nothing happens" are valid answers to any of the questions.
==========

==========
12. Open a new terminal window. Create a directory called mtec1002. What command did you use?
----------

mkdir mtec1003

==========
13. Change your directory so that you're in mtec1002. What command did you use?
----------

mkdir mtec1003/mtec1002

==========
14. Type:

$ pwd

Check that the output ends with mtec1002 (something like this: /Users/joe/mtec1002).

If it doesn't ask for help before moving on!

Copy and paste the output of pwd below.
----------

/Users/danielleyostolaza

==========
15. Type:

$ mkdir animals
$ ls

Copy and paste the output below.
----------

Applications
Creative Cloud Files
Desktop
Documents
Downloads
Library
Movies
Music
Pictures
Public
animals
danielley.ostolaza@mail.citytech.cuny.edu Creative Cloud Files

==========
16. Type:

$ mkdir food
$ ls

Copy and paste the output below.
----------

Applications
Creative Cloud Files
Desktop
Documents
Downloads
Library
Movies
Music
Pictures
Public
animals
danielley.ostolaza@mail.citytech.cuny.edu Creative Cloud Files
food

==========
17. Type:

$ mkdir -p foo/bar/baz/qux
$ ls

Copy and paste the output below.
----------

Applications
Creative Cloud Files
Desktop
Documents
Downloads
Library
Movies
Music
Pictures
Public
animals
danielley.ostolaza@mail.citytech.cuny.edu Creative Cloud Files
foo
food

==========
18. Type:

$ cd foo/bar/baz/qux
$ pwd

Copy and paste the output below.
----------

/Users/danielleyostolaza/foo/bar/baz/qux

==========
19. Type:

$ cd ../..
$ pwd

Copy and paste the output below.
----------

/Users/danielleyostolaza/foo/bar
cd
==========
20. Type:

$ cd -
$ pwd

Copy and paste the output below.
----------

/Users/danielleyostolaza

==========
21. Type:

$ cd ../../../..
$ pwd

Copy and paste the output below.
----------

/

==========
22. Type:

$ ls -l
$ rmdir animals
$ ls -l

Copy and paste the first 3 lines from the output into the space below.
----------

total 9
drwxrwxr-x+ 41 root  admin  1312 Sep  2 15:22 Applications
drwxr-xr-x  67 root  wheel  2144 Aug 19 08:46 Library

==========
23. Type:

$ cd ~
$ pwd

Copy and paste the output into the space below.
----------

/Users/danielleyostolaza

==========
24. Type:

$ cd /Volumes
$ pwd

Copy and paste the output into the space below.
----------

/volumes

==========
25. Type:

$ cd /unknown_folder
$ pwd

Copy and paste the output into the space below.
----------

Danielleys-MBP:volumes danielleyostolaza$ cd /unknown_folder
-bash: cd: /unknown_folder: No such file or directory
Danielleys-MBP:volumes danielleyostolaza$ pwd
/volumes

==========
26. Type:

$ cd ~/mtec1002
$ pwd

Copy and paste the output into the space below.
----------

Danielleys-MBP:volumes danielleyostolaza$ cd ~/mtec1002
-bash: cd: /Users/danielleyostolaza/mtec1002: No such file or directory
Danielleys-MBP:volumes danielleyostolaza$ pwd
/volumes

==========
27. Type:

$ hostname

Copy and paste the output into the space below.
----------

Danielleys-MBP.lan

==========
28. Make sure you're back in your mtec1002, which should be in your home folder.  What command would you use to find out if you're in the right folder?  Write the command below, then run it.
----------

mkdir mtec1002

==========
29. If you're not in the right directory, type the following command:

cd ~/mtec1002

Otherwise skip this question/step!
----------






==========
30. Create the following directories, with each one inside each other, using only a single command.

The first one, pineapple, is the innermost:

pineapple
orange
strawberry
lemon

Write the one command you used below:
----------

cd pineapple/orange/strawberry/lemon

==========
31. Make another directory called aardvark.

Write the command you used to create the directory below:
----------

mkdir aardvark

==========
32. List the files and directories in the current directory using the long format.

What is the modified date of the aardvark directory?
----------

aardvark

==========
33. Make 3 directories nested within each other:

* foo should be the outermost directory
* bar should be the inside foo
* baz should be inside bar

What command did you use?
----------

cd bar/baz/foo

==========
34. Change your directory so that you're in the inner most directory (baz)

What command did you use?
----------

cd ../baz/..

==========
35. Change your directory so that you're two directories up (foo)

What command did you use?
----------
==========
36. What command is used to delete empty directories?
----------

rmdir

==========
37. What command is used to print out your current working directory?
----------

ls

==========
38. What flag do I pass to ls to print out all files?
----------

ls (file your working on)

==========
39. What's the shortcut for home directory?
----------

cd or cd~

==========
40. What's a pathname?
----------

is the general form of the name of a file or directory

==========
41. What is a directory?
----------

is files within folders

==========
42. What's the *absolute* path (full path, starting at root) to your user's Downloads directory?
----------

/home/your_user_name/my_script.
